

[1m> Entering new AgentExecutor chain...[0m
[32;1m[1;3m
Invoking: `contest_scanner_tool` with `{'site_name': 'codeforces'}`


[0m[38;5;200m[1;3m[{"title": "Codeforces Round (Div. 1 + Div. 2)", "start_time": "2026-03-28T20:05:00", "end_time": "2026-03-28T22:35:00", "location": "Online", "description": "Codeforces Contest. Type: CF"}, {"title": "Codeforces Round (Div. 2)", "start_time": "2026-03-29T20:05:00", "end_time": "2026-03-29T22:20:00", "location": "Online", "description": "Codeforces Contest. Type: CF"}][0m
